// Jest Snapshot v1, https://goo.gl/fbAQLP

exports[`renders correctly when there are no items 1`] = `
<div
  className="mantine-Container-root mantine-6jkqqi"
>
  <div
    className="mantine-Center-root mantine-1x99tkp"
  >
    <div
      className="mantine-qtk8ny"
    >
      <h2
        className="mantine-Text-root mantine-Title-root mantine-1lp7vgp"
      >
        Not Found (404)
      </h2>
      <div
        className="mantine-Text-root mantine-1ajacdf"
      >
        Sorry, the page you are looking for does not exist.
      </div>
      <a
        className="mantine-UnstyledButton-root mantine-Button-root mantine-bv62o5"
        data-button={true}
        href="/"
        onClick={[Function]}
        type="button"
      >
        <div
          className="mantine-1wpc1xj mantine-Button-inner"
        >
          <span
            className="mantine-1ryt1ht mantine-Button-label"
            style={
              {
                "textTransform": undefined,
              }
            }
          >
            <svg
              className="tabler-icon tabler-icon-chevron-left"
              fill="none"
              height="1.25rem"
              stroke="currentColor"
              strokeLinecap="round"
              strokeLinejoin="round"
              strokeWidth={2}
              viewBox="0 0 24 24"
              width="1.25rem"
              xmlns="http://www.w3.org/2000/svg"
            >
              <path
                d="M15 6l-6 6l6 6"
              />
            </svg>
            <div
              className="mantine-Text-root mantine-76hn7"
            >
              Back to home
            </div>
          </span>
        </div>
      </a>
    </div>
  </div>
</div>
`;
